xrun(64): 22.03-s001: (c) Copyright 1995-2022 Cadence Design Systems, Inc.
TOOL:	xrun(64)	22.03-s001: Started on May 31, 2026 at 23:29:40 MSK
xrun
	-compile
	-64bit
	/home/Stepan/cache/build/../pkg/cache_pkg.sv
	/home/Stepan/cache/build/../rtl/single_port_ram.sv
	/home/Stepan/cache/build/../rtl/cache_top.sv
	/home/Stepan/cache/build/../rtl/credit_cnt.sv
	/home/Stepan/cache/build/../rtl/cnt.sv
	/home/Stepan/cache/build/../rtl/dual_port_ram.sv
	/home/Stepan/cache/build/../rtl/fifo.sv
	/home/Stepan/cache/build/../rtl/show_ahead_fifo.sv
	/home/Stepan/cache/build/../rtl/onehot_decoder.sv
	/home/Stepan/cache/build/../rtl/plru_calc.sv
	/home/Stepan/cache/build/../rtl/plru_refill.sv
	/home/Stepan/cache/build/../rtl/plru_wrapper.sv
	/home/Stepan/cache/build/../rtl/cache_fsm.sv
	/home/Stepan/cache/build/../rtl/hit_miss_detect.sv
	/home/Stepan/cache/build/../rtl/mshr.sv
	/home/Stepan/cache/build/../rtl/cache_data_read.sv
	/home/Stepan/cache/build/../tb/tb_configure_cache.sv
	-xmlibdirpath /home/Stepan/cache/build/work/top
	-l /home/Stepan/cache/build/compile.log
Recompiling... reason: file '../rtl/hit_miss_detect.sv' is newer than expected.
	expected: Sun May 31 23:27:15 2026
	actual:   Sun May 31 23:29:34 2026
file: /home/Stepan/cache/build/../rtl/hit_miss_detect.sv
	module worklib.hit_miss_detect:sv
		errors: 0, warnings: 0
TOOL:	xrun(64)	22.03-s001: Exiting on May 31, 2026 at 23:29:41 MSK  (total: 00:00:01)
